busybox.tar
docker.io_library_registry_2.8.1.tar
docker.io_rancher_local-path-provisioner_v0.0.24.tar
quay.io_calico_cni_v3.29.3.tar
quay.io_calico_kube-controllers_v3.29.3.tar
quay.io_calico_node_v3.29.3.tar
quay.io_coreos_etcd_v3.5.16.tar
quay.io_metallb_controller_v0.13.9.tar
quay.io_metallb_speaker_v0.13.9.tar
registry.k8s.io_coredns_coredns_v1.11.3.tar
registry.k8s.io_cpa_cluster-proportional-autoscaler_v1.8.8.tar
registry.k8s.io_dns_k8s-dns-node-cache_1.25.0.tar
registry.k8s.io_kube-apiserver_v1.32.5.tar
registry.k8s.io_kube-controller-manager_v1.32.5.tar
registry.k8s.io_kube-proxy_v1.32.5.tar
registry.k8s.io_kube-scheduler_v1.32.5.tar
registry.k8s.io_metrics-server_metrics-server_v0.7.0.tar
registry.k8s.io_pause_3.10.tar
busybox.tar
docker.io_library_registry_2.8.1.tar
docker.io_rancher_local-path-provisioner_v0.0.24.tar
docker.io_rook_ceph_v1.20.2.tar
nginx_1.27.tar
quay.io_calico_cni_v3.29.3.tar
quay.io_calico_kube-controllers_v3.29.3.tar
quay.io_calico_node_v3.29.3.tar
quay.io_ceph_ceph_v20.2.2.tar
quay.io_cephcsi_ceph-csi-operator_v1.0.4.tar
quay.io_cephcsi_cephcsi_v3.17.0.tar
quay.io_coreos_etcd_v3.5.16.tar
quay.io_csiaddons_k8s-sidecar_v0.14.0.tar
quay.io_metallb_controller_v0.13.9.tar
quay.io_metallb_speaker_v0.13.9.tar
registry.k8s.io_coredns_coredns_v1.11.3.tar
registry.k8s.io_cpa_cluster-proportional-autoscaler_v1.8.8.tar
registry.k8s.io_dns_k8s-dns-node-cache_1.25.0.tar
registry.k8s.io_kube-apiserver_v1.32.5.tar
registry.k8s.io_kube-controller-manager_v1.32.5.tar
registry.k8s.io_kube-proxy_v1.32.5.tar
registry.k8s.io_kube-scheduler_v1.32.5.tar
registry.k8s.io_metrics-server_metrics-server_v0.7.0.tar
registry.k8s.io_pause_3.10.tar
registry.k8s.io_sig-storage_csi-attacher_v4.12.0.tar
registry.k8s.io_sig-storage_csi-node-driver-registrar_v2.17.0.tar
registry.k8s.io_sig-storage_csi-provisioner_v6.2.0.tar
registry.k8s.io_sig-storage_csi-resizer_v2.1.0.tar
registry.k8s.io_sig-storage_csi-snapshotter_v8.5.0.tar
registry.k8s.io_sig-storage_snapshot-controller_v8.0.1.tar
ubuntu_22.04.tar
