https://github.com/etcd-io/etcd/releases/download/v3.5.16/etcd-v3.5.16-linux-amd64.tar.gz etcd-3.5.16-linux-amd64.tar.gz
https://github.com/containernetworking/plugins/releases/download/v1.4.1/cni-plugins-linux-amd64-v1.4.1.tgz cni-plugins-linux-amd64-1.4.1.tgz
https://dl.k8s.io/release/v1.32.5/bin/linux/amd64/kubeadm kubeadm-1.32.5-amd64
https://dl.k8s.io/release/v1.32.5/bin/linux/amd64/kubelet kubelet-1.32.5-amd64
https://dl.k8s.io/release/v1.32.5/bin/linux/amd64/kubectl kubectl-1.32.5-amd64
https://github.com/kubernetes-sigs/cri-tools/releases/download/v1.32.0/crictl-v1.32.0-linux-amd64.tar.gz crictl-1.32.0-linux-amd64.tar.gz
https://storage.googleapis.com/cri-o/artifacts/cri-o.amd64.v1.32.0.tar.gz cri-o.amd64.1.32.0.tar.gz
https://github.com/Mirantis/cri-dockerd/releases/download/v0.3.17/cri-dockerd-0.3.17.amd64.tgz cri-dockerd-0.3.17.amd64.tar.gz
https://github.com/containers/crun/releases/download/1.17/crun-1.17-linux-amd64 crun-1.17-amd64
https://github.com/youki-dev/youki/releases/download/v0.5.3/youki-0.5.3-x86_64-gnu.tar.gz youki-0.5.3-x86_64.tar.gz
https://github.com/opencontainers/runc/releases/download/v1.2.6/runc.amd64 runc-1.2.6.amd64
https://github.com/kata-containers/kata-containers/releases/download/3.7.0/kata-static-3.7.0-amd64.tar.xz kata-static-3.7.0-amd64.tar.xz
https://github.com/containerd/containerd/releases/download/v2.0.5/containerd-2.0.5-linux-amd64.tar.gz containerd-2.0.5-linux-amd64.tar.gz
https://storage.googleapis.com/gvisor/releases/release/20250512.0/x86_64/runsc gvisor-runsc-20250512.0-x86_64
https://storage.googleapis.com/gvisor/releases/release/20250512.0/x86_64/containerd-shim-runsc-v1 gvisor-containerd-shim-runsc-v1-20250512.0-x86_64
https://github.com/containerd/nerdctl/releases/download/v2.0.5/nerdctl-2.0.5-linux-amd64.tar.gz nerdctl-2.0.5-linux-amd64.tar.gz
https://github.com/lework/skopeo-binary/releases/download/v1.16.1/skopeo-linux-amd64 skopeo-1.16.1-amd64
https://github.com/cilium/cilium-cli/releases/download/v0.18.3/cilium-linux-amd64.tar.gz cilium-0.18.3-amd64.tar.gz
https://github.com/projectcalico/calico/releases/download/v3.29.3/calicoctl-linux-amd64 calicoctl-3.29.3-amd64
https://github.com/projectcalico/calico/archive/v3.29.3.tar.gz 3.29.3.tar.gz
https://get.helm.sh/helm-v3.16.4-linux-amd64.tar.gz helm-3.16.4-linux-amd64.tar.gz
https://github.com/kubernetes-sigs/gateway-api/releases/download/v1.2.1/standard-install.yaml gateway-api-standard-install.yaml
https://github.com/mikefarah/yq/releases/download/v4.42.1/yq_linux_amd64 yq-4.42.1-amd64
